<html>
<body>
<pre>
<h1>µVision Build Log</h1>
<h2>Tool Versions:</h2>
IDE-Version: £gVision V5.26.2.0
Copyright (C) 2018 ARM Ltd and ARM Germany GmbH. All rights reserved.
License Information: WT WT WT Flex license: MDK-ARM Professional: 4 user(s) (mdk_pro) Support: May 2019
 
Tool Versions:
Toolchain:       MDK-ARM Professional: 4 user(s)  Version: 5.26.2.0
Toolchain Path:  C:\Keil_v5\ARM\ARMCC\Bin
C Compiler:      Armcc.exe V5.06 update 6 (build 750)
Assembler:       Armasm.exe V5.06 update 6 (build 750)
Linker/Locator:  ArmLink.exe V5.06 update 6 (build 750)
Library Manager: ArmAr.exe V5.06 update 6 (build 750)
Hex Converter:   FromElf.exe V5.06 update 6 (build 750)
CPU DLL:         SARMCM3.DLL V5.26.2.0
Dialog DLL:      DARMCM1.DLL V1.19.1.0
Target DLL:      Nu_Link.dll V2.06
Dialog DLL:      TARMCM1.DLL V1.14.0.0
 
<h2>Project:</h2>
D:\SourceCode\_Avery_M480\M480_BSP_CMSIS_V3.03.000_UART\SampleCode\Template\Keil\Template.uvproj
Project File Date:  03/06/2019

<h2>Output:</h2>
*** Using Compiler 'V5.06 update 6 (build 750)', folder: 'C:\Keil_v5\ARM\ARMCC\Bin'
Build target 'Template'
creating preprocessor file for system_M480.c...
creating preprocessor file for retarget.c...
creating preprocessor file for uart.c...
creating preprocessor file for sys.c...
creating preprocessor file for clk.c...
creating preprocessor file for acmp.c...
creating preprocessor file for bpwm.c...
creating preprocessor file for can.c...
creating preprocessor file for crc.c...
creating preprocessor file for crypto.c...
creating preprocessor file for dac.c...
creating preprocessor file for eadc.c...
creating preprocessor file for ebi.c...
creating preprocessor file for ecap.c...
creating preprocessor file for emac.c...
creating preprocessor file for epwm.c...
creating preprocessor file for fmc.c...
creating preprocessor file for gpio.c...
creating preprocessor file for hsusbd.c...
creating preprocessor file for i2c.c...
creating preprocessor file for i2s.c...
creating preprocessor file for pdma.c...
creating preprocessor file for qei.c...
creating preprocessor file for qspi.c...
creating preprocessor file for rtc.c...
creating preprocessor file for sc.c...
creating preprocessor file for scuart.c...
creating preprocessor file for sdh.c...
creating preprocessor file for spi.c...
creating preprocessor file for spim.c...
creating preprocessor file for timer.c...
creating preprocessor file for timer_pwm.c...
creating preprocessor file for usbd.c...
creating preprocessor file for usci_i2c.c...
creating preprocessor file for usci_spi.c...
creating preprocessor file for usci_uart.c...
creating preprocessor file for wdt.c...
creating preprocessor file for wwdt.c...
creating preprocessor file for main.c...
creating preprocessor file for sysclock.c...
compiling main.c...
linking...
Program Size: Code=4108 RO-data=584 RW-data=56 ZI-data=3080  
FromELF: creating hex file...
After Build - User command #1: fromelf --bin ".\obj\template.axf" --output ".\obj\template.bin"
After Build - User command #2: fromelf --text -c ".\obj\template.axf" --output ".\obj\template.txt"
".\obj\template.axf" - 0 Error(s), 0 Warning(s).
Build Time Elapsed:  00:00:18
</pre>
</body>
</html>
